2026-08-25T08:13:19.662019Z  INFO herdr::logging: herdr starting event="app.startup" subsystem="client" outcome="started" pid=85000
2026-08-25T08:13:19.662270Z  INFO herdr::client: connecting to server path=/Users/hl1sqi/.config/herdr/herdr-client.sock
2026-08-25T08:13:19.896765Z  INFO herdr::client: handshake succeeded version=20 encoding=SemanticFrame
2026-08-25T08:14:28.838533Z  INFO herdr::logging: herdr exiting event="app.shutdown" subsystem="client" outcome="completed" pid=85000
2026-08-25T08:19:37.576731Z  INFO herdr::logging: herdr starting event="app.startup" subsystem="client" outcome="started" pid=87574
2026-08-25T08:19:37.576971Z  INFO herdr::client: connecting to server path=/Users/hl1sqi/.config/herdr/herdr-client.sock
2026-08-25T08:19:37.701269Z  INFO herdr::client: handshake succeeded version=20 encoding=SemanticFrame
2026-08-25T13:20:57.228186Z  INFO herdr::logging: herdr exiting event="app.shutdown" subsystem="client" outcome="completed" pid=87574
2026-08-25T13:21:29.738041Z  WARN herdr::config::keybinds: config diagnostic invalid keybinding: keys.focus_pane_down = "refix+j"; disabling binding
2026-08-25T13:21:29.738102Z  WARN herdr::config::keybinds: config diagnostic invalid keybinding: keys.focus_pane_up = "refix+k"; disabling binding
2026-08-25T13:21:29.738192Z  INFO herdr::logging: herdr starting event="app.startup" subsystem="client" outcome="started" pid=54520
2026-08-25T13:21:29.738205Z  INFO herdr::client: connecting to server path=/Users/hl1sqi/.config/herdr/herdr-client.sock
2026-08-25T13:21:29.740755Z  INFO herdr::client: handshake succeeded version=20 encoding=SemanticFrame
2026-08-25T13:22:12.356659Z  INFO herdr::logging: herdr exiting event="app.shutdown" subsystem="client" outcome="completed" pid=54520
2026-08-25T13:26:22.507027Z  INFO herdr::logging: herdr starting event="app.startup" subsystem="client" outcome="started" pid=61276
2026-08-25T13:26:22.507283Z  INFO herdr::client: connecting to server path=/Users/hl1sqi/.config/herdr/herdr-client.sock
2026-08-25T13:26:22.548753Z  INFO herdr::client: handshake succeeded version=20 encoding=SemanticFrame
2026-08-25T13:27:44.156133Z  INFO herdr::logging: herdr starting event="app.startup" subsystem="client" outcome="started" pid=63013
2026-08-25T13:27:44.156360Z  INFO herdr::client: connecting to server path=/Users/hl1sqi/.config/herdr/herdr-client.sock
2026-08-25T13:27:44.170478Z  INFO herdr::client: handshake succeeded version=20 encoding=SemanticFrame
2026-08-25T13:27:52.776141Z  WARN herdr::raw_input: flushing lone escape after input timeout; if this follows an alt chord or focus switch it may reach the pane as plain esc bytes=[27]
2026-08-25T13:27:52.776357Z  WARN herdr::raw_input: flushing lone escape after input timeout; if this follows an alt chord or focus switch it may reach the pane as plain esc bytes=[27]
2026-08-25T13:29:30.901994Z  INFO herdr::logging: herdr exiting event="app.shutdown" subsystem="client" outcome="completed" pid=61276
2026-08-25T13:29:56.229765Z  INFO herdr::logging: herdr exiting event="app.shutdown" subsystem="client" outcome="completed" pid=63013
2026-08-25T13:30:21.553080Z  INFO herdr::logging: herdr starting event="app.startup" subsystem="client" outcome="started" pid=64792
2026-08-25T13:30:21.553109Z  INFO herdr::client: connecting to server path=/Users/hl1sqi/.config/herdr/herdr-client.sock
2026-08-25T13:30:21.797790Z  INFO herdr::client: handshake succeeded version=20 encoding=SemanticFrame
2026-08-25T13:32:06.918811Z  INFO herdr::logging: herdr exiting event="app.shutdown" subsystem="client" outcome="completed" pid=64792
2026-08-25T13:41:37.402943Z  INFO herdr::logging: herdr starting event="app.startup" subsystem="client" outcome="started" pid=73082
2026-08-25T13:41:37.403150Z  INFO herdr::client: connecting to server path=/Users/hl1sqi/.config/herdr/herdr-client.sock
2026-08-25T13:41:37.516854Z  INFO herdr::client: handshake succeeded version=20 encoding=SemanticFrame
2026-08-25T14:22:03.722131Z  INFO herdr::logging: herdr exiting event="app.shutdown" subsystem="client" outcome="completed" pid=73082
2026-08-25T14:22:08.239856Z  INFO herdr::logging: herdr starting event="app.startup" subsystem="client" outcome="started" pid=85057
2026-08-25T14:22:08.239957Z  INFO herdr::client: connecting to server path=/Users/hl1sqi/.config/herdr/herdr-client.sock
2026-08-25T14:22:08.278971Z  INFO herdr::client: handshake succeeded version=20 encoding=SemanticFrame
2026-08-25T14:22:20.802802Z  INFO herdr::logging: herdr exiting event="app.shutdown" subsystem="client" outcome="completed" pid=85057
2026-08-25T14:23:08.966360Z  INFO herdr::logging: herdr starting event="app.startup" subsystem="client" outcome="started" pid=85334
2026-08-25T14:23:08.966431Z  INFO herdr::client: connecting to server path=/Users/hl1sqi/.config/herdr/herdr-client.sock
2026-08-25T14:23:09.067094Z  INFO herdr::client: handshake succeeded version=20 encoding=SemanticFrame
2026-08-25T14:49:58.962694Z  INFO herdr::logging: herdr exiting event="app.shutdown" subsystem="client" outcome="completed" pid=85334
2026-08-25T14:50:28.562675Z  INFO herdr::logging: herdr starting event="app.startup" subsystem="client" outcome="started" pid=98655
2026-08-25T14:50:28.562904Z  INFO herdr::client: connecting to server path=/Users/hl1sqi/.config/herdr/herdr-client.sock
2026-08-25T14:50:28.694675Z  INFO herdr::client: handshake succeeded version=20 encoding=SemanticFrame
2026-08-25T22:59:17.299887Z  INFO herdr::logging: herdr exiting event="app.shutdown" subsystem="client" outcome="completed" pid=98655
2026-08-25T22:59:27.371320Z  INFO herdr::logging: herdr starting event="app.startup" subsystem="client" outcome="started" pid=1489
2026-08-25T22:59:27.371348Z  INFO herdr::client: connecting to server path=/Users/hl1sqi/.config/herdr/herdr-client.sock
2026-08-25T22:59:27.386841Z  INFO herdr::client: handshake succeeded version=20 encoding=SemanticFrame
2026-08-25T23:07:56.781959Z  INFO herdr::logging: herdr exiting event="app.shutdown" subsystem="client" outcome="completed" pid=1489
2026-08-25T23:08:06.567071Z  INFO herdr::logging: herdr starting event="app.startup" subsystem="client" outcome="started" pid=5214
2026-08-25T23:08:06.567123Z  INFO herdr::client: connecting to server path=/Users/hl1sqi/.config/herdr/herdr-client.sock
2026-08-25T23:08:06.655978Z  INFO herdr::client: handshake succeeded version=20 encoding=SemanticFrame
2026-08-25T23:11:10.781380Z  INFO herdr::logging: herdr exiting event="app.shutdown" subsystem="client" outcome="completed" pid=5214
2026-08-25T23:11:17.749728Z  INFO herdr::logging: herdr starting event="app.startup" subsystem="client" outcome="started" pid=6460
2026-08-25T23:11:17.749776Z  INFO herdr::client: connecting to server path=/Users/hl1sqi/.config/herdr/herdr-client.sock
2026-08-25T23:11:17.963284Z  INFO herdr::client: handshake succeeded version=20 encoding=SemanticFrame
2026-08-25T23:11:56.702921Z  INFO herdr::logging: herdr exiting event="app.shutdown" subsystem="client" outcome="completed" pid=6460
2026-08-25T23:11:59.507247Z  INFO herdr::logging: herdr starting event="app.startup" subsystem="client" outcome="started" pid=6634
2026-08-25T23:11:59.507357Z  INFO herdr::client: connecting to server path=/Users/hl1sqi/.config/herdr/herdr-client.sock
2026-08-25T23:11:59.717630Z  INFO herdr::client: handshake succeeded version=20 encoding=SemanticFrame
2026-08-25T23:15:15.016777Z  INFO herdr::logging: herdr exiting event="app.shutdown" subsystem="client" outcome="completed" pid=6634
2026-08-25T23:15:19.237890Z  INFO herdr::logging: herdr starting event="app.startup" subsystem="client" outcome="started" pid=7353
2026-08-25T23:15:19.237957Z  INFO herdr::client: connecting to server path=/Users/hl1sqi/.config/herdr/herdr-client.sock
2026-08-25T23:15:19.274048Z  INFO herdr::client: handshake succeeded version=20 encoding=SemanticFrame
2026-08-26T00:52:21.384837Z  INFO herdr::logging: herdr exiting event="app.shutdown" subsystem="client" outcome="completed" pid=7353
2026-08-26T00:52:31.872690Z  INFO herdr::logging: herdr starting event="app.startup" subsystem="client" outcome="started" pid=52065
2026-08-26T00:52:31.872714Z  INFO herdr::client: connecting to server path=/Users/hl1sqi/.config/herdr/herdr-client.sock
2026-08-26T00:52:32.118756Z  INFO herdr::client: handshake succeeded version=20 encoding=SemanticFrame
2026-08-26T01:10:08.516531Z  INFO herdr::logging: herdr exiting event="app.shutdown" subsystem="client" outcome="completed" pid=52065
2026-08-26T01:10:31.145651Z  INFO herdr::logging: herdr starting event="app.startup" subsystem="client" outcome="started" pid=78295
2026-08-26T01:10:31.145717Z  INFO herdr::client: connecting to server path=/Users/hl1sqi/.config/herdr/herdr-client.sock
2026-08-26T01:10:31.159094Z  INFO herdr::client: handshake succeeded version=20 encoding=SemanticFrame
2026-08-26T03:55:00.361152Z  INFO herdr::logging: herdr exiting event="app.shutdown" subsystem="client" outcome="completed" pid=78295
2026-08-26T04:08:33.655255Z  INFO herdr::logging: herdr starting event="app.startup" subsystem="client" outcome="started" pid=44328
2026-08-26T04:08:33.655533Z  INFO herdr::client: connecting to server path=/Users/hl1sqi/.config/herdr/herdr-client.sock
2026-08-26T04:08:33.682816Z  INFO herdr::client: handshake succeeded version=20 encoding=SemanticFrame
2026-08-26T04:13:45.782653Z  INFO herdr::logging: herdr starting event="app.startup" subsystem="client" outcome="started" pid=51888
2026-08-26T04:13:45.782862Z  INFO herdr::client: connecting to server path=/Users/hl1sqi/.config/herdr/herdr-client.sock
2026-08-26T04:13:45.852569Z  INFO herdr::client: handshake succeeded version=20 encoding=SemanticFrame
2026-08-26T04:13:59.054927Z  INFO herdr::logging: herdr exiting event="app.shutdown" subsystem="client" outcome="completed" pid=51888
2026-08-26T04:19:21.397447Z  INFO herdr::logging: herdr exiting event="app.shutdown" subsystem="client" outcome="completed" pid=44328
2026-08-26T04:21:53.828317Z  INFO herdr::logging: herdr starting event="app.startup" subsystem="client" outcome="started" pid=58755
2026-08-26T04:21:53.828388Z  INFO herdr::client: connecting to server path=/Users/hl1sqi/.config/herdr/herdr-client.sock
2026-08-26T04:21:53.916538Z  INFO herdr::client: handshake succeeded version=20 encoding=SemanticFrame
2026-08-26T04:27:42.446004Z  INFO herdr::logging: herdr exiting event="app.shutdown" subsystem="client" outcome="completed" pid=58755
